// Jest Snapshot v1, https://goo.gl/fbAQLP

exports[`wx app behaviors test 1`] = `
Object {
  "behaviors": Array [],
  "created": [Function],
  "data": Object {},
  "definitionFilter": [Function],
  "methods": Object {
    "$set": [Function],
    "PageNamePathKV": Object {
      "webview": "pages/webview/index",
    },
    "SET_DATA_FREQUENCY": 100,
    "TabBarList": Array [],
    "__SET_DATA_CACHE": Object {},
    "__SET_DATA_FREQUENCY_TIMESTAMP": 1625559145942,
    "authorize": [Function],
    "back": [Function],
    "bindEvent": [Function],
    "bindTelEvent": [Function],
    "data": Object {},
    "dataset": [Function],
    "events": Object {},
    "extend": [Function],
    "getWxCurrentOptions": [Function],
    "getWxCurrentPage": [Function],
    "getWxSetting": [Function],
    "getWxUserInfoAuthorize": [Function],
    "go": [Function],
    "hideLoading": [Function],
    "hideToast": [Function],
    "i18n": Object {
      "authorize.cancel": "取消授权",
      "authorize.content": "{appName}需要您授权{scopeName}，点击确定前去设置",
      "authorize.loading": "正在授权...",
      "authorize.success": "已授权",
      "authorize.title": "授权提示",
    },
    "i18nHandle": [Function],
    "navigateTo": [Function],
    "pageTo": [Function],
    "qs": [Function],
    "reLaunch": [Function],
    "reLaunchTo": [Function],
    "redirectTo": [Function],
    "scrollToEl": [Function],
    "showLoading": [Function],
    "showModal": [Function],
    "showToast": [Function],
    "switchTab": [Function],
    "switchTo": [Function],
    "version": "1.0.0",
  },
  "properties": Object {},
}
`;
