// Jest Snapshot v1, https://goo.gl/fbAQLP

exports[`@tool-developer utils test 1`] = `undefined`;
